// Jest Snapshot v1, https://goo.gl/fbAQLP

exports[`Login form Form should render correctly 1`] = `
"<div class=\\"container\\">
  <div class=\\"card px-5 py-4 shadow-sm\\">
    <div class=\\"text-center mb-2\\">
      <h4 class=\\"text-uppercase mt-0\\">Sign In</h4>
    </div>
    <form>
      <div class=\\"form-group mb-3\\"><label for=\\"emailaddress\\" class=\\"float-left\\">Email</label> <input type=\\"email\\" id=\\"emailaddress\\" required=\\"required\\" placeholder=\\"Enter your email\\" class=\\"form-control\\"></div>
      <div class=\\"form-group mb-3\\"><label for=\\"password\\" class=\\"float-left\\">Password</label> <input type=\\"password\\" required=\\"required\\" id=\\"password\\" placeholder=\\"Enter your password\\" class=\\"form-control\\"></div>
      <div class=\\"form-group mb-0 text-center mb-3\\"><button type=\\"submit\\" id=\\"loginBtn\\" class=\\"btn btn-primary btn-block\\" style=\\"background-color: rgb(64, 157, 247); border-color: #409df7;\\">
          Log In
        </button></div>
      <div class=\\"d-flex\\">
        <div>
          <nuxtlink-stub to=\\"/organisation/forgot-password\\">Forgot Password</nuxtlink-stub>
        </div>
        <div class=\\"ml-auto\\">
          <nuxtlink-stub to=\\"/organisation/register\\">Don't have an account? Register</nuxtlink-stub>
        </div>
      </div>
    </form>
  </div>
</div>"
`;
